// Jest Snapshot v1, https://goo.gl/fbAQLP

exports[`should render ExpenseListItem with fixture data 1`] = `
<Link
  className="list-item"
  replace={false}
  to="/edit/3"
>
  <div>
    <h3
      className="list-item__title"
    >
      creditcard
    </h3>
    <span
      className="list-item__sub-title"
    >
      05 January, 1970
    </span>
  </div>
  <h3
    className="list-item__data"
  >
     
    $45.00
  </h3>
</Link>
`;
